Comment,Project ID
Test comment 1,TD-FAK-01
Test comment 2,TD-FAK-02
,TD-FAK-03
