Programme ID,Project ID,RiskName,RiskCategory,Short Description,Full Description,Consequences,Pre-mitigatedImpact,Pre-mitigatedLikelihood,Mitigatons,PostMitigatedImpact,PostMitigatedLikelihood,Proximity,RiskOwnerRole
TD-FAK,,test programme risk 1,Client Mistreatment,test comment 1,full desc test text 1,consequence test 1,3 - Medium impact,2 - Medium,test mitigation comment 1,1- Marginal impact,3 - High,2 - Distant: next 12 months,test 1
TD-FAK,,test programme risk 2,Business Continuity & Disaster Recovery,test comment 2,full desc test text 2,consequence test 2,4 - Significant impact ,1 - Low,test mitigation comment 2,2 - Low impact,1 - Low,1 - Remote,
TD-FAK,,test programme risk 3,Environment,test comment 3,full desc test text 3,consequence test 3,1- Marginal impact,4 - Almost Certain,test mitigation comment 3,3 - Medium impact,1 - Low,2 - Distant: next 12 months,test 3
,TD-FAK-01,project risk test 1,Credit Losses,test desc,,,3 - Medium impact,4 - Almost Certain,test mit,1- Marginal impact,2 - Medium,3 - Approaching: next 6 months,test own
,TD-FAK-01,project risk test 2,Business Continuity & Disaster Recovery,,dest desc,test cons,4 - Significant impact ,2 - Medium,,1- Marginal impact,1 - Low,1 - Remote,test own
,TD-FAK-01,project risk test 3,Covid Disruption,,,test cons,6 - Critical impact,1 - Low,,2 - Low impact,2 - Medium,2 - Distant: next 12 months,
,TD-FAK-02,project risk tess a,Client Mistreatment,test desc,test desc,test desc,2 - Low impact,,test desc,1- Marginal impact,,3 - Approaching: next 6 months,test desc
