original_index,Comment,Project ID
58,Test comment 1,TD-FAK-01
86,Test comment 2,TD-FAK-02
114,,TD-FAK-03
