,output_name,output_category
23,# of temporary FT jobs supported,Mandatory
24,# of full-time equivalent (FTE) permanent jobs created through the project,Mandatory
25,# of full-time equivalent (FTE) permanent jobs safeguarded through the project,Mandatory
27,Total length of improved cycle ways,Transport
28,# of new public transport routes,Transport
29,# of learners/trainees/students enrolled at new education and training facilities,Education
43,test custom 1,Custom
