,Question,Indicator,Answer
6,Are you filling this in for a Town Deal or Future High Street Fund?,Select from the drop down list provided,Town_Deal
7,Please select your place name,Select from the drop down list provided,Fake Town
8,"Grant Recipient:
(your organisation's name)",Organisation Name,Test Org
9,Grant Recipient's Nominated Single Point of Contact (project manager where relevant):,Name,Test name 1
10,Grant Recipient's Nominated Single Point of Contact (project manager where relevant):,Email,test1@test.org
11,Grant Recipient's Nominated Single Point of Contact (project manager where relevant):,Telephone,07777777777
12,Programme Senior Responsible Owner (SRO) [This may be for example the Local Authority Chief Executive or the TD Board Chair]:,Name,Test name 2
13,Programme Senior Responsible Owner (SRO) [This may be for example the Local Authority Chief Executive or the TD Board Chair]:,Email,test2@test.org
14,Programme Senior Responsible Owner (SRO) [This may be for example the Local Authority Chief Executive or the TD Board Chair]:,Telephone,06666666666
15,S151 Officer / Chief Finance Officer:,Name,Test name 3
16,S151 Officer / Chief Finance Officer:,Email,test3@test.org
17,S151 Officer / Chief Finance Officer:,Telephone,07676767676
18,Monitoring & Evaluation Contact:,Name,Test name 1
19,Monitoring & Evaluation Contact:,Email,test1@test.org
20,Monitoring & Evaluation Contact:,Telephone,07777777777
