programme_id,programme_name,fund_type_id,organisation
TD-FAK,Fake Town,TD,Fake Canonical Org
