,programme_id,payment_type,spend_for_reporting_period,state,start_date,end_date
