,project_id,total_project_value,townsfund_funding,private_sector_funding_required,private_sector_funding_secured,additional_comments
12,TD-FAK-01,6666,77777,,,
13,TD-FAK-02,4444,55555,,,
14,TD-FAK-03,0,0,11111,2222,test comment
