,Outcome_Name,Outcome_Category
22,Patronage of the public transport system in the area of interest (for public transport schemes),Transport
23,Estimated carbon dioxide equivalent reductions as a result of support,Health & Wellbeing
42,test custom outcome,Custom
24,Road traffic flows in corridors of interest (for road schemes),Transport
21,Automatic / manual counts of pedestrians and cyclists (for active travel schemes),Transport
59,Year on Year monthly % change in footfall,Place
