,Output Name,Output Category
22,# of temporary FT jobs supported,Mandatory
23,# of full-time equivalent (FTE) permanent jobs created through the project,Mandatory
24,# of full-time equivalent (FTE) permanent jobs safeguarded through the project,Mandatory
26,Total length of improved cycle ways,Transport
27,# of new public transport routes,Transport
28,# of learners/trainees/students enrolled at new education and training facilities,Education
42,test custom 1,Custom
