,Programme ID,Payment Type,Spend for Reporting Period,Actual/Forecast,Start_Date,End_Date
