Programme ID,Programme Name,FundType_ID,Organisation
TD-FAK,Fake Town,TD,Fake Canonical Org
