,Project ID,Total Project Value,Townsfund Funding,Private Sector Funding Required,Private Sector Funding Secured,Additional Comments
12,TD-FAK-01,6666,77777,,,
13,TD-FAK-02,4444,55555,,,
14,TD-FAK-03,0,0,11111,2222,test comment
