,Question,Answer,Programme ID
6,How is your programme progressing,some comment on profile / forecast,TD-FAK
7,Please provide a progress update,Test comment progress update,TD-FAK
8,What are the key challenges you,"Test comment, challenges",TD-FAK
9,What challenges do you expect to,"Test comment, expected challenges",TD-FAK
10,Please provide an update on your,"Test comment, evaluation activities",TD-FAK
12,If any support is required from the,"Test comment, support",TD-FAK
