original_index,Comment,Project ID
57,Test comment 1,TD-FAK-01
85,Test comment 2,TD-FAK-02
113,,TD-FAK-03
