Output Name,Output Category
# of temporary FT jobs supported,Mandatory
# of full-time equivalent (FTE) permanent jobs created through the project,Mandatory
# of full-time equivalent (FTE) permanent jobs safeguarded through the project,Mandatory
Total length of improved cycle ways,Transport
# of new public transport routes,Transport
# of learners/trainees/students enrolled at new education and training facilities,Education
test custom 1,Custom
