,Question,Indicator,Answer
5,Are you filling this in for a Town Deal or Future High Street Fund?,Select from the drop down list provided,Town_Deal
6,Please select your place name,Select from the drop down list provided,Fake Town
7,"Grant Recipient:
(your organisation's name)",Organisation Name,Test Org
8,Grant Recipient's Nominated Single Point of Contact (project manager where relevant):,Name,Test name 1
9,Grant Recipient's Nominated Single Point of Contact (project manager where relevant):,Email,test1@test.org
10,Grant Recipient's Nominated Single Point of Contact (project manager where relevant):,Telephone,07777777777
11,Programme Senior Responsible Owner (SRO) [This may be for example the Local Authority Chief Executive or the TD Board Chair]:,Name,Test name 2
12,Programme Senior Responsible Owner (SRO) [This may be for example the Local Authority Chief Executive or the TD Board Chair]:,Email,test2@test.org
13,Programme Senior Responsible Owner (SRO) [This may be for example the Local Authority Chief Executive or the TD Board Chair]:,Telephone,06666666666
14,S151 Officer / Chief Finance Officer:,Name,Test name 3
15,S151 Officer / Chief Finance Officer:,Email,test3@test.org
16,S151 Officer / Chief Finance Officer:,Telephone,07676767676
17,Monitoring & Evaluation Contact:,Name,Test name 1
18,Monitoring & Evaluation Contact:,Email,test1@test.org
19,Monitoring & Evaluation Contact:,Telephone,07777777777
