,Question,Answer,Programme ID
5,How is your programme progressing,some comment on profile / forecast,TD-FAK
6,Please provide a progress update,Test comment progress update,TD-FAK
7,What are the key challenges you,"Test comment, challenges",TD-FAK
8,What challenges do you expect to,"Test comment, expected challenges",TD-FAK
9,Please provide an update on your,"Test comment, evaluation activities",TD-FAK
10,Please provide any key milestones,"Test comment, key milestones",TD-FAK
11,If any support is required from the,"Test comment, support",TD-FAK
