,Start Date,Completion Date,Project Adjustment Request Status,Project Delivery Status,Delivery (RAG),Spend (RAG),Risk (RAG),Commentary on Status and RAG Ratings,Most Important Upcoming Comms Milestone,Date of Most Important Upcoming Comms Milestone (e.g. Dec-22),Project ID
18,44562,46082,PAR not required,2. Ongoing - on track,3,2,,test comment 1,milestone 1,45078,TD-FAK-01
19,44562,46082,PAR submitted - approved,3. Ongoing - delayed,2,2,3,test comment 2,milestone 2,45139,TD-FAK-02
20,44593,46082,PAR submitted - awaiting approval,1. Not yet started,2,2,3,test comment 3,milestone 3,45261,TD-FAK-03
