Project ID,Total Project Value,Townsfund Funding,Private Sector Funding Required,Private Sector Funding Secured,Additional Comments
TD-FAK-01,6666,77777,,,
TD-FAK-02,4444,55555,,,
TD-FAK-03,0,0,11111,2222,test comment
