Question,Answer,Programme ID
How is your programme progressing,some comment on profile / forecast,TD-FAK
Please provide a progress update,Test comment progress update,TD-FAK
What are the key challenges you,"Test comment, challenges",TD-FAK
What challenges do you expect to,"Test comment, expected challenges",TD-FAK
Please provide an update on your,"Test comment, evaluation activities",TD-FAK
If any support is required from the,"Test comment, support",TD-FAK
