,Programme ID,Payment Type,Reporting Period,Spend for Reporting Period
